V3 3
FL C:/Users/omara/OneDrive/Escritorio/Ejercicio10/Ejercicio10/RemachadorElec.vhd 2022/01/02.17:17:45 P.20131013
EN work/RemachadorElec 1641161871 \
      FL C:/Users/omara/OneDrive/Escritorio/Ejercicio10/Ejercicio10/RemachadorElec.vhd \
      PB ieee/std_logic_1164 1381692176
AR work/RemachadorElec/ARQ_RemachadorElec 1641161872 \
      FL C:/Users/omara/OneDrive/Escritorio/Ejercicio10/Ejercicio10/RemachadorElec.vhd \
      EN work/RemachadorElec 1641161871
